// Jest Snapshot v1, https://goo.gl/fbAQLP

exports[`environment > App renders without crashing 1`] = `
<DocumentFragment>
  <div
    class="search-component"
  >
    <form
      class="search-bar"
    >
      <label
        class="search-label"
        for="item-search"
      >
        Product Search
        <input
          class="search-box"
          id="item-search"
          type="text"
          value=""
        />
      </label>
      <input
        class="search-button"
        type="submit"
        value="Search"
      />
    </form>
    <div
      class="product-component"
    >
      <h3>
        Playstation 3 Bundle
      </h3>
      <p
        class="product-price"
      >
        $449
        <span
          class="product-currency"
        >
           USD
        </span>
      </p>
      <p
        class="product-id"
      >
        IDsony-ps3-bundleM
      </p>
    </div>
  </div>
</DocumentFragment>
`;
