// Jest Snapshot v1, https://goo.gl/fbAQLP

exports[`environment > App renders without crashing 1`] = `
<DocumentFragment>
  <div
    class="App"
  >
    <header
      class="App-header"
    >
      <img
        alt="logo"
        class="App-logo"
        src="logo.svg"
      />
      <p>
        Edit src/App.js and save to reload.
      </p>
      <a
        class="App-link"
        href="https://reactjs.org"
        rel="noopener noreferrer"
        target="_blank"
      />
    </header>
  </div>
</DocumentFragment>
`;
