// Jest Snapshot v1, https://goo.gl/fbAQLP

exports[`environment > App renders without crashing 1`] = `
<DocumentFragment>
  <div
    class="{classes.search-component}"
  >
    <form
      class="{classes.search-bar}"
    >
      <label
        class="{classes.search-label}"
      >
        Product Search
        <input
          class="{classes.search-box}"
          type="text"
          value=""
        />
      </label>
      <input
        class="{classes.search-button}"
        type="submit"
        value="Search"
      />
    </form>
    <div
      class="{classes.product-component}"
    >
      <h3>
        Nothing!
      </h3>
    </div>
  </div>
</DocumentFragment>
`;
